gthr-default.h:229:1:int __gthread_key_delete(__gthread_key_t)	16	static
main.cpp:73:5:int main()	96	static
main.cpp:122:6:void SystemClock_Config()	88	static
main.cpp:170:6:void Error_Handler()	4	static
main.cpp:186:6:void assert_failed(uint8_t*, uint32_t)	16	static
Display.h:30:3:ST7920_LCD::TEXT_4_WRITE::~TEXT_4_WRITE()	16	static
Display.h:16:7:ST7920_LCD::~ST7920_LCD()	16	static
SerialDebug.h:20:7:SerialDebug::~SerialDebug()	16	static
main.cpp:192:1:void __static_initialization_and_destruction_0(int, int)	16	static
main.cpp:192:1:cpp)	8	static
main.cpp:192:1:cpp)	8	static
